
> tuma-me-backend@1.0.0 test
> jest __tests__/jobs/releaseFunds.test.js

  console.log
    MongoDB not connected, skipping background job

      at log (jobs/releaseFunds.js:10:15)

  console.log
    Released funds for transaction TXN-1768574792490-6241

      at log (jobs/releaseFunds.js:60:15)

  console.log
    Released funds for transaction TXN-1768574793111-6355

      at log (jobs/releaseFunds.js:60:15)

  console.log
    Released funds for transaction TXN-1768574793117-376

      at log (jobs/releaseFunds.js:60:15)

npm : FAIL __tests__/jobs/releaseFunds.test.js
At line:1 char:1
+ npm test __tests__/jobs/releaseFunds.test.js > 
test_output.txt 2>&1
+ ~~~~~~~~~~~~~~~~~~~~~~~~~~~~~~~~~~~~~~~~~~~~~~~~~~~~~~~~~~~~~~
~~~~~
    + CategoryInfo          : NotSpecified: (FAIL __tests__/job 
   s/releaseFunds.test.js:String) [], RemoteException
    + FullyQualifiedErrorId : NativeCommandError
 
  Release Funds Job
    ΓêÜ should skip if MongoDB is not connected (226 ms)
    ΓêÜ should release funds for transactions past hold release 
time (186 ms)
    ΓêÜ should not release funds if hold release time not 
reached (149 ms)
    ├ù should not release funds if dispute is filed (151 ms)
    ΓêÜ should not process transactions that are not on_hold 
(139 ms)
    ΓêÜ should handle multiple transactions (161 ms)

  ΓùÅ Release Funds Job ΓÇ║ should not release funds if dispute 
is filed

    expect(received).toBe(expected) // Object.is equality

    Expected: 0
    Received: 1

    [0m [90m 175 |[39m     [36mconst[39m result 
[33m=[39m [36mawait[39m releaseHeldFunds()[33m;[39m
     [90m 176 |[39m
    [31m[1m>[22m[39m[90m 177 |[39m     expect(result[33m.
[39mreleased)[33m.[39mtoBe([35m0[39m)[33m;[39m
     [90m     |[39m                             
[31m[1m^[22m[39m
     [90m 178 |[39m
     [90m 179 |[39m     [90m// Check transaction status not 
changed[39m
     [90m 180 |[39m     [36mconst[39m updatedTransaction 
[33m=[39m [36mawait[39m [33mTransaction[39m[33m.[39mfind
ById(transaction[33m.[39m_id)[33m;[39m[0m

      at Object.toBe 
(__tests__/jobs/releaseFunds.test.js:177:29)

Test Suites: 1 failed, 1 total
Tests:       1 failed, 5 passed, 6 total
Snapshots:   0 total
Time:        1.831 s, estimated 2 s
Ran all test suites matching 
__tests__/jobs/releaseFunds.test.js.
Jest did not exit one second after the test run has completed.

'This usually means that there are asynchronous operations that 
weren't stopped in your tests. Consider running Jest with 
`--detectOpenHandles` to troubleshoot this issue.
